[mairamansoor.framer.website/index.html]
[backblue.gif]
[fade.gif]
[index.html]
[framerusercontent.com/sites/icons/default-favicon-light.v1.png]
[framerusercontent.com/sites/icons/default-favicon-dark.v1.png]
[framerusercontent.com/sites/icons/default-touch-icon.v3.png]
[framerusercontent.com/images/9JuFISFtSP87upELVvL4XG3BQb9c2.png]
[framerusercontent.com/images/hQXs0LXv7QNXzZvrCQ9z0PJ9Ae685.jpg]
[mairamansoor.framer.website/cisco-u.html]
[framerusercontent.com/images/P4sTVUV2S2IK4hbzxwZC4AwcKA1ad2.png]
[mairamansoor.framer.website/mmbl.html]
[framerusercontent.com/images/FaDVA1CRjUkWpneswndSt80tP81ad2.png]
[mairamansoor.framer.website/capstone.html]
[framerusercontent.com/images/EwGMNUQZwpS0jDRhgm0PQHeiOVk1ad2.png]
[framerusercontent.com/images/W3bBQ4dd8lyoRhzAGr8WyEKpF0s1ad2.png]
[mairamansoor.framer.website/index.html]
[framerusercontent.com/images/JFzwE8dwXYNFNWbe7Q6IWFSfrAa4d9.png]
[framerusercontent.com/images/5HPYIMs6RCWLB2Z5ErCX5jw4zg11d7.jpg]
[framerusercontent.com/images/EL4JF1ZAnhD8o3S4YRgNgu9VOYf0dc.png]
[framerusercontent.com/images/vm4JOYZT5sS2cl1AFxDvjHLlTQ4009.png]
[framerusercontent.com/images/j6yN6sKKb8d43hnacwO1zRb8Iaeb8.jpg]
[framerusercontent.com/images/3MMMGfTj6tTNG7HtBWP5ZxC6koec5d.png]
[framerusercontent.com/images/w3agRxwt9Gj404WmbsCWbfpzO8eeb8.png]
[framerusercontent.com/images/SUehXxkcRR0PWVSLcYtkspVTVg0031.png]
[framerusercontent.com/images/6yvqVDbUQpTYsFYpMzBWkxE0jLc7da7.gif]
[framerusercontent.com/images/b4wMQHFjJ5fh973Wv1mIJgM2Kca6ed.gif]
[framerusercontent.com/images/4dIP1rR5SZhhAr7RgM6HQJqdSag21ea.gif]
[framerusercontent.com/images/fDOj3mPsAZZ47ihOvhq6VkQQjAk50d0.gif]
[framerusercontent.com/images/xGmqrcSRwwpwiUm3Z7cWMpJ98g3673.gif]
[framerusercontent.com/images/0VQMowMI8TOO0WNYaxiQvVZgEa25f.gif]
[framerusercontent.com/images/E3KQkqeTLE7stIyQpCsve719Io03673.gif]
[framerusercontent.com/images/2QIaRpVznzthhtzmtzlgb7zPtE6fde.gif]
[mairamansoor.framer.website/cisco-u.html]
[mairamansoor.framer.website/mmbl.html]
[mairamansoor.framer.website/capstone.html]
